


ARM Macro Assembler    Page 1 


    1 00000000         ; calculate the length of string
    2 00000000         ; Args:  R0 = starting address of 8-bit source string A,
                        R1 = starting address of 8-bit destiation string 
    3 00000000         ; Return: None
    4 00000000         
    5 00000000                 AREA             |.text|, CODE, READONLY
    6 00000000         
    7 00000000                 EXPORT           stringcpy
    8 00000000         
    9 00000000         stringcpy
   10 00000000 F810 2B01       LDRB             R2, [R0], #1
   11 00000004 F801 2B01       STRB             R2, [R1], #1
   12 00000008 1E12            SUBS             R2, R2, #0
   13 0000000A D1FE            BNE              stringcpy
   14 0000000C 4770            BX               R14
   15 0000000E                 END
Command Line: --debug --xref --cpu=Cortex-M3 --apcs=interwork --depend=.\Obj\st
ringcpy.d -o.\Obj\stringcpy.o -ID:\Keil\\ARM\RV31\Inc -ID:\Keil\\ARM\CMSIS\Incl
ude -ID:\Keil\\ARM\Inc\NXP\LPC17xx --predefine="__MICROLIB SETA 1" --list=.\Lst
\stringcpy.lst stringcpy.s



ARM Macro Assembler    Page 1 Alphabetic symbol ordering
Relocatable symbols

.text 00000000

Symbol: .text
   Definitions
      At line 5 in file stringcpy.s
   Uses
      None
Comment: .text unused
stringcpy 00000000

Symbol: stringcpy
   Definitions
      At line 9 in file stringcpy.s
   Uses
      At line 7 in file stringcpy.s
      At line 13 in file stringcpy.s

2 symbols
333 symbols in table
