<html>
<body>
<pre>
<h1>µVision Build Log</h1>
<h2>Tool Versions:</h2>
IDE-Version: µVision V5.23.0.0
Copyright (C) 2017 ARM Ltd and ARM Germany GmbH. All rights reserved.
License Information: a b, c, LIC=----
 
Tool Versions:
Toolchain:       MDK-Lite  Version: 5.23
Toolchain Path:  C:\Keil_v5\ARM\ARMCC\Bin
C Compiler:      Armcc.exe V5.06 update 4 (build 422)
Assembler:       Armasm.exe V5.06 update 4 (build 422)
Linker/Locator:  ArmLink.exe V5.06 update 4 (build 422)
Library Manager: ArmAr.exe V5.06 update 4 (build 422)
Hex Converter:   FromElf.exe V5.06 update 4 (build 422)
CPU DLL:         SARMCM3.DLL V5.23
Dialog DLL:      DARMP1.DLL V1.27.0.0
Target DLL:      UL2CM3.DLL V1.159.7.0
Dialog DLL:      TARMP1.DLL V1.26.0.0
 
<h2>Project:</h2>
C:\Users\tdag3704\Desktop\ece362_lab11\lab09.uvprojx
Project File Date:  04/06/2017

<h2>Output:</h2>
*** Using Compiler 'V5.06 update 4 (build 422)', folder: 'C:\Keil_v5\ARM\ARMCC\Bin'
Build target 'Simulator'
compiling ADC.c...
source\ADC.c(61): warning:  #940-D: missing return statement at end of non-void function "ADC_GetCnv" 
  }
source\ADC.c: 1 warning, 0 errors
compiling lab09.c...
source\lab09.c(38): warning:  #177-D: variable "ad_avg"  was declared but never referenced
    uint16_t ad_avg = 0, ad_avg_count = 0;
source\lab09.c(38): warning:  #177-D: variable "ad_avg_count"  was declared but never referenced
    uint16_t ad_avg = 0, ad_avg_count = 0;
source\lab09.c(39): warning:  #177-D: variable "ad_val_"  was declared but never referenced
    uint16_t ad_val = 0, ad_val_ = 0xFFFF;
source\lab09.c: 3 warnings, 0 errors
linking...
Program Size: Code=5630 RO-data=6582 RW-data=12 ZI-data=620  
".\Obj\example01.axf" - 0 Error(s), 4 Warning(s).

<h2>Software Packages used:</h2>

Package Vendor: ARM
                http://www.keil.com/pack/ARM.CMSIS.5.0.1.pack
                ARM::CMSIS:CORE:5.0.1
                CMSIS (Cortex Microcontroller Software Interface Standard)
   * Component: CORE Version: 5.0.1

<h2>Collection of Component include folders:</h2>
  .\RTE\_Simulator
  C:\Keil_v5\ARM\PACK\ARM\CMSIS\5.0.1\CMSIS\Include
  C:\Keil_v5\ARM\PACK\Keil\LPC1700_DFP\2.3.0\Device\Include

<h2>Collection of Component Files used:</h2>

   * Component: ARM::CMSIS:CORE:5.0.1
Build Time Elapsed:  00:00:01
</pre>
</body>
</html>
